Performing system checks...

September 18, 2026 - 16:29:37
Django version 5.0.6, using settings 'Project.settings'
Starting development server at http://127.0.0.1:8000/
Quit the server with CTRL-BREAK.

Performing system checks...

September 18, 2026 - 16:53:32
Django version 5.0.6, using settings 'Project.settings'
Starting development server at http://127.0.0.1:8000/
Quit the server with CTRL-BREAK.

Performing system checks...

September 18, 2026 - 17:40:08
Django version 5.0.6, using settings 'Project.settings'
Starting development server at http://127.0.0.1:8000/
Quit the server with CTRL-BREAK.

Performing system checks...

September 18, 2026 - 17:44:01
Django version 5.0.6, using settings 'Project.settings'
Starting development server at http://127.0.0.1:8000/
Quit the server with CTRL-BREAK.

Performing system checks...

Performing system checks...

September 18, 2026 - 17:45:17
Django version 5.0.6, using settings 'Project.settings'
Starting development server at http://127.0.0.1:8000/
Quit the server with CTRL-BREAK.

Performing system checks...

September 18, 2026 - 17:45:32
Django version 5.0.6, using settings 'Project.settings'
Starting development server at http://127.0.0.1:8000/
Quit the server with CTRL-BREAK.

Performing system checks...

September 18, 2026 - 17:45:50
Django version 5.0.6, using settings 'Project.settings'
Starting development server at http://127.0.0.1:8000/
Quit the server with CTRL-BREAK.

Performing system checks...

September 18, 2026 - 17:46:00
Django version 5.0.6, using settings 'Project.settings'
Starting development server at http://127.0.0.1:8000/
Quit the server with CTRL-BREAK.

Performing system checks...

Performing system checks...

September 18, 2026 - 17:46:38
Django version 5.0.6, using settings 'Project.settings'
Starting development server at http://127.0.0.1:8000/
Quit the server with CTRL-BREAK.

Performing system checks...

September 18, 2026 - 18:05:24
Django version 5.0.6, using settings 'Project.settings'
Starting development server at http://127.0.0.1:8000/
Quit the server with CTRL-BREAK.

Performing system checks...

September 18, 2026 - 21:31:50
Django version 5.0.6, using settings 'Project.settings'
Starting development server at http://127.0.0.1:8000/
Quit the server with CTRL-BREAK.

